eclmap
0 ? nop
1 ? big_return
10 ? small_return
11 ? sub_call
11 ? ent_start_sub
12 ? jmp
13 ? jmp_if_not
14 ? jmp_if
15 ? ent_start_sub_bg
16 ? ent_start_sub_id
17 ? ent_kill_sub_id
30 ? debug_print
40 ? sub_var_count_set
42 ? var_stack_push_S
43 ? var_stack_pop_S
44 ? var_stack_push_f
45 ? var_stack_pop_f
50 ? var_add_S
51 ? var_add_f
52 ? var_sub_S
53 ? var_sub_f
54 ? var_mul_S
55 ? var_mul_f
56 ? var_div_S
57 ? var_div_f
58 ? var_mod
59 ? var_eq_S
60 ? var_eq_f
61 ? var_neq_S
62 ? var_neq_f
63 ? var_lt_S
64 ? var_lt_f
65 ? var_leq_S
66 ? var_leq_f
67 ? var_gt_S
68 ? var_gt_f
69 ? var_geq_S
70 ? var_geq_f
71 ? var_not_S
72 ? var_not_f
73 ? var_or
74 ? var_and
75 ? var_xor
76 ? var_math_or
77 ? var_math_and
78 ? var_dec
79 ? var_sin
80 ? var_cos
81 ? var_op1
83 ? wait
84 ? stack_neg
85 ? stack_neg
86 ? var_op3
87 ? var_op2
88 ? var_sqrt
89 ? var_op4
256 ? ent_create_copy
257 ? ent_create
258 ? ent_set_anmfile
259 ? ent_set_anmscr
260 ? ent_create_copy_reverse_x
261 ? ent_create_reverse_x
262 ? ent_set_anmscr_i
263 ? ent_start_ganim_file
264 ? ent_start_ganim_file_window_flag
265 ? ent_create_copy_no_boss
266 ? ent_create_no_boss
268 ? ent_create_reverse_x_no_boss
269 ? ent_start_ganim
273 ? ent_start_ganim_file_rot
274 ? ent_set_anmscr_shoot
275 ? ent_anm_goto_recursive
277 ? ent_anm_set_rotation
278 ? ent_anm_set_scale
279 ? ent_anm_set_pos
280 ? ent_create_copy
300 ? ent_set_pos
301 ? ent_chg_pos
302 ? ent_set_pos_rel
303 ? ent_chg_pos_rel
304 ? ent_set_dir
305 ? ent_chg_dir
306 ? ent_set_dir_rel
307 ? ent_chg_dir_rel
308 ? ent_set_rot_mv
309 ? ent_chg_rot_mv
310 ? ent_set_rot_mv_rel
311 ? ent_chg_rot_mv_rel
312 ? ent_set_rma_mv
313 ? ent_set_rma_mv_rel
314 ? ent_move_to_boss
315 ? ent_move_to_boss_rel
320 ? ent_set_rot_mv_oval
321 ? ent_chg_rot_mv_oval
322 ? ent_set_rot_mv_oval_rel
324 ? ent_set_boss_mode
325 ? ent_set_bez_mv
326 ? ent_set_bez_mv_rel
328 ? ent_set_dir
329 ? ent_chg_dir
330 ? ent_set_dir_rel
331 ? ent_chg_dir_rel
400 ? ent_set_hb
401 ? ent_set_kb
402 ? ent_set_flag
403 ? ent_unset_flag
404 ? ent_set_rma
411 ? ent_set_life
412 ? ent_set_boss_mode
413 ? ent_unset_inv
414 ? ent_set_revenge
415 ? ent_set_inv
416 ? play_se
417 ? shake_screen
420 ? wait_for_no_boss
421 ? ent_start_sub_after_time
425 ? ent_kill_children
426 ? ent_set_safe_area
435 ? var_set_by_diff_S
436 ? var_set_by_diff_f
444 ? ent_set_bomb_immune
445 ? ent_setup_boss
446 ? ent_set_bomb_immune_anm
447 ? set_time_step
448 ? wait_by_diff
453 ? ent_set_hit_se
455 ? ent_id_get_alive
456 ? ent_id_get_pos
459 ? ent_set_shot_chance
500 ? bh_create
501 ? bh_start
502 ? bh_set_color
503 ? bh_set_offs
504 ? bh_set_angle
505 ? bh_set_speed
506 ? bh_set_count
507 ? bh_set_arrange_mode
508 ? bh_set_sound
509 ? bh_set_instr_09
511 ? bh_copy
521 ? bh_set_speed_521
522 ? bh_set_count_522
523 ? bh_set_ang_exoffs
524 ? bh_set_ang_offs
525 ? bh_set_ang_poloff
532 ? bh_delete_in_circle
600 ? bh_laser_set_size
601 ? bh_laser_set_timing
603 ? bh_laser_id_start
604 ? bh_laser_id_set_pos
605 ? bh_laser_id_set_dir
606 ? bh_laser_id_set_length
607 ? bh_laser_id_set_width
608 ? bh_laser_id_set_angle
609 ? bh_laser_id_set_angle_st
610 ? bh_laser_id_cancel
611 ? bh_laser_curvy_start